D:\govno\URTK_sim-main\URTKtry3\Logical\Global.typ
D:\govno\URTK_sim-main\URTKtry3\Logical\Global.var
D:\govno\URTK_sim-main\URTKtry3\Logical\Libraries\operator\operator.fun
D:\govno\URTK_sim-main\URTKtry3\Logical\Libraries\operator\operator.typ
D:\govno\URTK_sim-main\URTKtry3\Logical\Libraries\operator\operator.var
D:\govno\URTK_sim-main\URTKtry3\Logical\Libraries\runtime\runtime.fun
D:\govno\URTK_sim-main\URTKtry3\Logical\Libraries\runtime\runtime.typ
D:\govno\URTK_sim-main\URTKtry3\Logical\Libraries\runtime\runtime.var
D:\govno\URTK_sim-main\URTKtry3\Logical\Libraries\astime\astime.fun
D:\govno\URTK_sim-main\URTKtry3\Logical\Libraries\astime\astime.typ
D:\govno\URTK_sim-main\URTKtry3\Logical\Libraries\astime\astime.var
D:\govno\URTK_sim-main\URTKtry3\Logical\Libraries\AsIecCon\AsIecCon.fun
D:\govno\URTK_sim-main\URTKtry3\Logical\Libraries\AsIecCon\AsIecCon.typ
D:\govno\URTK_sim-main\URTKtry3\Logical\Libraries\AsIecCon\AsIecCon.var
D:\govno\URTK_sim-main\URTKtry3\Logical\Libraries\sys_lib\sys_lib.fun
D:\govno\URTK_sim-main\URTKtry3\Logical\Libraries\sys_lib\sys_lib.typ
D:\govno\URTK_sim-main\URTKtry3\Logical\Libraries\sys_lib\sys_lib.var
D:\govno\URTK_sim-main\URTKtry3\Logical\URTKFmu\URTKLib\Types.typ
D:\govno\URTK_sim-main\URTKtry3\Logical\URTKFmu\URTKLib\Constants.var
D:\govno\URTK_sim-main\URTKtry3\Logical\URTKFmu\URTKLib\URTKLib.fun
